
Allocating common symbols
Common symbol       size              file

intr_name           0x84              build/interrupt.o
idt_table           0x84              build/interrupt.o

Discarded input sections

 .note.GNU-stack
                0x0000000000000000        0x0 build/main.o
 .note.GNU-stack
                0x0000000000000000        0x0 build/init.o
 .note.GNU-stack
                0x0000000000000000        0x0 build/interrupt.o
 .note.GNU-stack
                0x0000000000000000        0x0 build/timer.o
 .note.GNU-stack
                0x0000000000000000        0x0 build/debug.o
 .note.GNU-stack
                0x0000000000000000        0x0 build/string.o

Memory Configuration

Name             Origin             Length             Attributes
*default*        0x0000000000000000 0xffffffffffffffff

Linker script and memory map

Address of section .text set to 0xc0001500
LOAD build/main.o
LOAD build/init.o
LOAD build/interrupt.o
LOAD build/timer.o
LOAD build/kernel.o
LOAD build/print.o
LOAD build/debug.o
LOAD build/string.o
                0x0000000008048000                PROVIDE (__executable_start, 0x8048000)
                0x0000000008048094                . = (0x8048000 + SIZEOF_HEADERS)

.interp
 *(.interp)

.note.gnu.build-id
 *(.note.gnu.build-id)

.hash
 *(.hash)

.gnu.hash
 *(.gnu.hash)

.dynsym
 *(.dynsym)

.dynstr
 *(.dynstr)

.gnu.version
 *(.gnu.version)

.gnu.version_d
 *(.gnu.version_d)

.gnu.version_r
 *(.gnu.version_r)

.rel.dyn        0x0000000008048094        0x0
 *(.rel.init)
 *(.rel.text .rel.text.* .rel.gnu.linkonce.t.*)
 .rel.text      0x0000000000000000        0x0 build/main.o
 *(.rel.fini)
 *(.rel.rodata .rel.rodata.* .rel.gnu.linkonce.r.*)
 *(.rel.data.rel.ro* .rel.gnu.linkonce.d.rel.ro.*)
 *(.rel.data .rel.data.* .rel.gnu.linkonce.d.*)
 *(.rel.tdata .rel.tdata.* .rel.gnu.linkonce.td.*)
 *(.rel.tbss .rel.tbss.* .rel.gnu.linkonce.tb.*)
 *(.rel.ctors)
 *(.rel.dtors)
 *(.rel.got)
 *(.rel.bss .rel.bss.* .rel.gnu.linkonce.b.*)
 *(.rel.ifunc)

.rel.plt        0x0000000008048094        0x0
 *(.rel.plt)
                0x0000000008048094                PROVIDE (__rel_iplt_start, .)
 *(.rel.iplt)
 .rel.iplt      0x0000000000000000        0x0 build/main.o
                0x0000000008048094                PROVIDE (__rel_iplt_end, .)

.init
 *(.init)

.plt            0x00000000080480a0        0x0
 *(.plt)
 *(.iplt)
 .iplt          0x0000000000000000        0x0 build/main.o

.text           0x00000000c0001500      0xf38
 *(.text.unlikely .text.*_unlikely)
 *(.text.exit .text.exit.*)
 *(.text.startup .text.startup.*)
 *(.text.hot .text.hot.*)
 *(.text .stub .text.* .gnu.linkonce.t.*)
 .text          0x00000000c0001500       0x58 build/main.o
                0x00000000c0001500                main
 .text          0x00000000c0001558       0x1e build/init.o
                0x00000000c0001558                init_all
 *fill*         0x00000000c0001576        0x2 90909090
 .text          0x00000000c0001578      0x3bb build/interrupt.o
                0x00000000c0001845                idt_init
                0x00000000c00018a3                intr_get_status
                0x00000000c00018c6                intr_enable
                0x00000000c00018ef                intr_disable
                0x00000000c0001918                intr_set_status
 *fill*         0x00000000c0001933        0x1 90909090
 .text          0x00000000c0001934      0x102 build/timer.o
                0x00000000c0001952                frequency_set
                0x00000000c00019ea                timer_init
 *fill*         0x00000000c0001a36        0xa 90909090
 .text          0x00000000c0001a40      0x396 build/kernel.o
                0x00000000c0001a40                intr_exit
 *fill*         0x00000000c0001dd6        0xa 90909090
 .text          0x00000000c0001de0      0x14e build/print.o
                0x00000000c0001de0                put_char
                0x00000000c0001ead                put_str
                0x00000000c0001ecb                put_int
 *fill*         0x00000000c0001f2e        0x2 90909090
 .text          0x00000000c0001f30       0xb1 build/debug.o
                0x00000000c0001f30                panic_spin
 *fill*         0x00000000c0001fe1        0x3 90909090
 .text          0x00000000c0001fe4      0x454 build/string.o
                0x00000000c0001fe4                memset
                0x00000000c0002040                memcpy
                0x00000000c00020a8                memcmp
                0x00000000c000213e                strcpy
                0x00000000c00021a1                strlen
                0x00000000c00021fb                strcmp
                0x00000000c0002282                strchr
                0x00000000c00022e8                strrchr
                0x00000000c0002351                strcat
                0x00000000c00023cb                strchrs
 *(.gnu.warning)

.fini
 *(.fini)
                0x00000000c0002438                PROVIDE (__etext, .)
                0x00000000c0002438                PROVIDE (_etext, .)
                0x00000000c0002438                PROVIDE (etext, .)

.rodata         0x00000000c0002438      0x3f0
 *(.rodata .rodata.* .gnu.linkonce.r.*)
 .rodata        0x00000000c0002438       0x38 build/main.o
 .rodata        0x00000000c0002470        0xa build/init.o
 *fill*         0x00000000c000247a        0x2 00
 .rodata        0x00000000c000247c      0x265 build/interrupt.o
 .rodata        0x00000000c00026e1       0x25 build/timer.o
 .rodata        0x00000000c0002706       0x62 build/debug.o
 .rodata        0x00000000c0002768       0xc0 build/string.o

.rodata1
 *(.rodata1)

.eh_frame_hdr
 *(.eh_frame_hdr)

.eh_frame
 *(.eh_frame)

.gcc_except_table
 *(.gcc_except_table .gcc_except_table.*)

.exception_ranges
 *(.exception_ranges .exception_ranges*)
                0x00000000c0002828                . = (ALIGN (0x1000) - ((0x1000 - .) & 0xfff))
                0x00000000c0003828                . = DATA_SEGMENT_ALIGN (0x1000, 0x1000)

.eh_frame
 *(.eh_frame)

.gcc_except_table
 *(.gcc_except_table .gcc_except_table.*)

.exception_ranges
 *(.exception_ranges .exception_ranges*)

.tdata
 *(.tdata .tdata.* .gnu.linkonce.td.*)

.tbss
 *(.tbss .tbss.* .gnu.linkonce.tb.*)
 *(.tcommon)

.preinit_array  0x00000000c0003828        0x0
                0x00000000c0003828                PROVIDE (__preinit_array_start, .)
 *(.preinit_array)
                0x00000000c0003828                PROVIDE (__preinit_array_end, .)

.init_array     0x00000000c0003828        0x0
                0x00000000c0003828                PROVIDE (__init_array_start, .)
 *(SORT(.init_array.*) SORT(.ctors.*))
 *(.init_array)
 *(EXCLUDE_FILE(*crtend?.o *crtend.o *crtbegin?.o *crtbegin.o) .ctors)
                0x00000000c0003828                PROVIDE (__init_array_end, .)

.fini_array     0x00000000c0003828        0x0
                0x00000000c0003828                PROVIDE (__fini_array_start, .)
 *(SORT(.fini_array.*) SORT(.dtors.*))
 *(.fini_array)
 *(EXCLUDE_FILE(*crtend?.o *crtend.o *crtbegin?.o *crtbegin.o) .dtors)
                0x00000000c0003828                PROVIDE (__fini_array_end, .)

.ctors
 *crtbegin.o(.ctors)
 *crtbegin?.o(.ctors)
 *(EXCLUDE_FILE(*crtend?.o *crtend.o) .ctors)
 *(SORT(.ctors.*))
 *(.ctors)

.dtors
 *crtbegin.o(.dtors)
 *crtbegin?.o(.dtors)
 *(EXCLUDE_FILE(*crtend?.o *crtend.o) .dtors)
 *(SORT(.dtors.*))
 *(.dtors)

.jcr
 *(.jcr)

.data.rel.ro
 *(.data.rel.ro.local* .gnu.linkonce.d.rel.ro.local.*)
 *(.data.rel.ro* .gnu.linkonce.d.rel.ro.*)

.dynamic
 *(.dynamic)

.got
 *(.got)
 *(.igot)
                0x00000000c0003828                . = DATA_SEGMENT_RELRO_END (., 0xc)

.got.plt        0x00000000c0003828        0x0
 *(.got.plt)
 *(.igot.plt)
 .igot.plt      0x0000000000000000        0x0 build/main.o

.data           0x00000000c0003828       0x8c
 *(.data .data.* .gnu.linkonce.d.*)
 .data          0x00000000c0003828        0x0 build/main.o
 .data          0x00000000c0003828        0x0 build/init.o
 .data          0x00000000c0003828        0x0 build/interrupt.o
 .data          0x00000000c0003828        0x0 build/timer.o
 .data          0x00000000c0003828       0x84 build/kernel.o
                0x00000000c0003828                intr_entry_table
 .data          0x00000000c00038ac        0x8 build/print.o
 .data          0x00000000c00038b4        0x0 build/debug.o
 .data          0x00000000c00038b4        0x0 build/string.o

.data1
 *(.data1)
                0x00000000c00038b4                _edata = .
                0x00000000c00038b4                PROVIDE (edata, .)
                0x00000000c00038b4                __bss_start = .

.bss            0x00000000c00038c0      0x244
 *(.dynbss)
 *(.bss .bss.* .gnu.linkonce.b.*)
 .bss           0x00000000c00038c0        0x0 build/main.o
 .bss           0x00000000c00038c0        0x0 build/init.o
 .bss           0x00000000c00038c0      0x108 build/interrupt.o
 .bss           0x00000000c00039c8        0x0 build/timer.o
 .bss           0x00000000c00039c8        0x0 build/debug.o
 .bss           0x00000000c00039c8        0x0 build/string.o
 *(COMMON)
 *fill*         0x00000000c00039c8       0x18 00
 COMMON         0x00000000c00039e0      0x124 build/interrupt.o
                0x00000000c00039e0                intr_name
                0x00000000c0003a80                idt_table
                0x00000000c0003b04                . = ALIGN ((. != 0x0)?0x4:0x1)
                0x00000000c0003b04                . = ALIGN (0x4)
                0x00000000c0003b04                . = ALIGN (0x4)
                0x00000000c0003b04                _end = .
                0x00000000c0003b04                PROVIDE (end, .)
                0x00000000c0003b04                . = DATA_SEGMENT_END (.)

.stab
 *(.stab)

.stabstr
 *(.stabstr)

.stab.excl
 *(.stab.excl)

.stab.exclstr
 *(.stab.exclstr)

.stab.index
 *(.stab.index)

.stab.indexstr
 *(.stab.indexstr)

.comment        0x0000000000000000       0x2a
 *(.comment)
 .comment       0x0000000000000000       0x2a build/main.o
                                         0x2b (size before relaxing)
 .comment       0x0000000000000000       0x2b build/init.o
 .comment       0x0000000000000000       0x2b build/interrupt.o
 .comment       0x0000000000000000       0x2b build/timer.o
 .comment       0x0000000000000000       0x2b build/debug.o
 .comment       0x0000000000000000       0x2b build/string.o

.debug
 *(.debug)

.line
 *(.line)

.debug_srcinfo
 *(.debug_srcinfo)

.debug_sfnames
 *(.debug_sfnames)

.debug_aranges
 *(.debug_aranges)

.debug_pubnames
 *(.debug_pubnames)

.debug_info
 *(.debug_info .gnu.linkonce.wi.*)

.debug_abbrev
 *(.debug_abbrev)

.debug_line
 *(.debug_line)

.debug_frame
 *(.debug_frame)

.debug_str
 *(.debug_str)

.debug_loc
 *(.debug_loc)

.debug_macinfo
 *(.debug_macinfo)

.debug_weaknames
 *(.debug_weaknames)

.debug_funcnames
 *(.debug_funcnames)

.debug_typenames
 *(.debug_typenames)

.debug_varnames
 *(.debug_varnames)

.debug_pubtypes
 *(.debug_pubtypes)

.debug_ranges
 *(.debug_ranges)

.gnu.attributes
 *(.gnu.attributes)

/DISCARD/
 *(.note.GNU-stack)
 *(.gnu_debuglink)
 *(.gnu.lto_*)
OUTPUT(build/kernel.bin elf32-i386)
