
Allocating common symbols
Common symbol       size              file

thread_ready_list   0x10              build/thread.o
thread_all_list     0x10              build/thread.o
user_pool           0x10              build/memory.o
intr_name           0x84              build/interrupt.o
main_thread         0x4               build/thread.o
ticks               0x4               build/timer.o
kernel_vaddr        0xc               build/memory.o
idt_table           0x84              build/interrupt.o
kernel_pool         0x10              build/memory.o

Discarded input sections

 .note.GNU-stack
                0x0000000000000000        0x0 build/main.o
 .note.GNU-stack
                0x0000000000000000        0x0 build/init.o
 .note.GNU-stack
                0x0000000000000000        0x0 build/memory.o
 .note.GNU-stack
                0x0000000000000000        0x0 build/interrupt.o
 .note.GNU-stack
                0x0000000000000000        0x0 build/timer.o
 .note.GNU-stack
                0x0000000000000000        0x0 build/debug.o
 .note.GNU-stack
                0x0000000000000000        0x0 build/string.o
 .note.GNU-stack
                0x0000000000000000        0x0 build/list.o
 .note.GNU-stack
                0x0000000000000000        0x0 build/bitmap.o
 .note.GNU-stack
                0x0000000000000000        0x0 build/thread.o

Memory Configuration

Name             Origin             Length             Attributes
*default*        0x0000000000000000 0xffffffffffffffff

Linker script and memory map

Address of section .text set to 0xc0001500
LOAD build/main.o
LOAD build/init.o
LOAD build/memory.o
LOAD build/interrupt.o
LOAD build/timer.o
LOAD build/kernel.o
LOAD build/print.o
LOAD build/debug.o
LOAD build/string.o
LOAD build/list.o
LOAD build/bitmap.o
LOAD build/switch.o
LOAD build/thread.o
                0x0000000008048000                PROVIDE (__executable_start, 0x8048000)
                0x0000000008048094                . = (0x8048000 + SIZEOF_HEADERS)

.interp
 *(.interp)

.note.gnu.build-id
 *(.note.gnu.build-id)

.hash
 *(.hash)

.gnu.hash
 *(.gnu.hash)

.dynsym
 *(.dynsym)

.dynstr
 *(.dynstr)

.gnu.version
 *(.gnu.version)

.gnu.version_d
 *(.gnu.version_d)

.gnu.version_r
 *(.gnu.version_r)

.rel.dyn        0x0000000008048094        0x0
 *(.rel.init)
 *(.rel.text .rel.text.* .rel.gnu.linkonce.t.*)
 .rel.text      0x0000000000000000        0x0 build/main.o
 *(.rel.fini)
 *(.rel.rodata .rel.rodata.* .rel.gnu.linkonce.r.*)
 *(.rel.data.rel.ro* .rel.gnu.linkonce.d.rel.ro.*)
 *(.rel.data .rel.data.* .rel.gnu.linkonce.d.*)
 *(.rel.tdata .rel.tdata.* .rel.gnu.linkonce.td.*)
 *(.rel.tbss .rel.tbss.* .rel.gnu.linkonce.tb.*)
 *(.rel.ctors)
 *(.rel.dtors)
 *(.rel.got)
 *(.rel.bss .rel.bss.* .rel.gnu.linkonce.b.*)
 *(.rel.ifunc)

.rel.plt        0x0000000008048094        0x0
 *(.rel.plt)
                0x0000000008048094                PROVIDE (__rel_iplt_start, .)
 *(.rel.iplt)
 .rel.iplt      0x0000000000000000        0x0 build/main.o
                0x0000000008048094                PROVIDE (__rel_iplt_end, .)

.init
 *(.init)

.plt            0x00000000080480a0        0x0
 *(.plt)
 *(.iplt)
 .iplt          0x0000000000000000        0x0 build/main.o

.text           0x00000000c0001500     0x1f14
 *(.text.unlikely .text.*_unlikely)
 *(.text.exit .text.exit.*)
 *(.text.startup .text.startup.*)
 *(.text.hot .text.hot.*)
 *(.text .stub .text.* .gnu.linkonce.t.*)
 .text          0x00000000c0001500       0xc5 build/main.o
                0x00000000c0001500                main
                0x00000000c000157f                k_thread_a
                0x00000000c00015a2                k_thread_b
 *fill*         0x00000000c00015c5        0x3 90909090
 .text          0x00000000c00015c8       0x28 build/init.o
                0x00000000c00015c8                init_all
 .text          0x00000000c00015f0      0x557 build/memory.o
                0x00000000c00015f0                vaddr_get
                0x00000000c0001675                pte_ptr
                0x00000000c00016a6                pde_ptr
                0x00000000c00016c2                palloc
                0x00000000c000171e                page_table_add
                0x00000000c0001858                malloc_page
                0x00000000c0001922                get_kernel_pages
                0x00000000c0001966                mem_pool_init
                0x00000000c0001b12                mem_init
 *fill*         0x00000000c0001b47        0x1 90909090
 .text          0x00000000c0001b48      0x44b build/interrupt.o
                0x00000000c0001e89                idt_init
                0x00000000c0001ee7                intr_get_status
                0x00000000c0001f0a                intr_enable
                0x00000000c0001f33                intr_disable
                0x00000000c0001f5c                intr_set_status
                0x00000000c0001f77                register_handler
 *fill*         0x00000000c0001f93        0x1 90909090
 .text          0x00000000c0001f94      0x19b build/timer.o
                0x00000000c0001fb2                frequency_set
                0x00000000c00020cf                timer_init
 *fill*         0x00000000c000212f        0x1 90909090
 .text          0x00000000c0002130      0x396 build/kernel.o
                0x00000000c0002130                intr_exit
 *fill*         0x00000000c00024c6        0xa 90909090
 .text          0x00000000c00024d0      0x172 build/print.o
                0x00000000c00024d0                put_char
                0x00000000c000259d                put_str
                0x00000000c00025bb                put_int
                0x00000000c000261e                set_cursor
 *fill*         0x00000000c0002642        0x2 90909090
 .text          0x00000000c0002644       0xb1 build/debug.o
                0x00000000c0002644                panic_spin
 *fill*         0x00000000c00026f5        0x3 90909090
 .text          0x00000000c00026f8      0x454 build/string.o
                0x00000000c00026f8                memset
                0x00000000c0002754                memcpy
                0x00000000c00027bc                memcmp
                0x00000000c0002852                strcpy
                0x00000000c00028b5                strlen
                0x00000000c000290f                strcmp
                0x00000000c0002996                strchr
                0x00000000c00029fc                strrchr
                0x00000000c0002a65                strcat
                0x00000000c0002adf                strchrs
 .text          0x00000000c0002b4c      0x1e1 build/list.o
                0x00000000c0002b4c                list_init
                0x00000000c0002b79                list_insert_before
                0x00000000c0002bba                list_push
                0x00000000c0002bd7                list_append
                0x00000000c0002bf4                list_remove
                0x00000000c0002c2a                list_pop
                0x00000000c0002c49                elem_find
                0x00000000c0002c84                list_traversal
                0x00000000c0002ce2                list_len
                0x00000000c0002d17                list_empty
 *fill*         0x00000000c0002d2d        0x3 90909090
 .text          0x00000000c0002d30      0x293 build/bitmap.o
                0x00000000c0002d30                bitmap_init
                0x00000000c0002d57                bitmap_scan_test
                0x00000000c0002d93                bitmap_scan
                0x00000000c0002f0a                bitmap_set
 *fill*         0x00000000c0002fc3        0xd 90909090
 .text          0x00000000c0002fd0       0x15 build/switch.o
                0x00000000c0002fd0                switch_to
 *fill*         0x00000000c0002fe5        0x3 90909090
 .text          0x00000000c0002fe8      0x42c build/thread.o
                0x00000000c0002fe8                running_thread
                0x00000000c0003013                thread_create
                0x00000000c000308a                init_thread
                0x00000000c0003125                thread_start
                0x00000000c00032a9                schedule
                0x00000000c00033d7                thread_init
 *(.gnu.warning)

.fini
 *(.fini)
                0x00000000c0003414                PROVIDE (__etext, .)
                0x00000000c0003414                PROVIDE (_etext, .)
                0x00000000c0003414                PROVIDE (etext, .)

.rodata         0x00000000c0003414      0x7d4
 *(.rodata .rodata.* .gnu.linkonce.r.*)
 .rodata        0x00000000c0003414       0x35 build/main.o
 .rodata        0x00000000c0003449        0xa build/init.o
 *fill*         0x00000000c0003453        0x1 00
 .rodata        0x00000000c0003454      0x13b build/memory.o
 *fill*         0x00000000c000358f        0x1 00
 .rodata        0x00000000c0003590      0x2d5 build/interrupt.o
 *fill*         0x00000000c0003865        0x3 00
 .rodata        0x00000000c0003868       0x6b build/timer.o
 .rodata        0x00000000c00038d3       0x62 build/debug.o
 .rodata        0x00000000c0003935       0xc0 build/string.o
 *fill*         0x00000000c00039f5        0x3 00
 .rodata        0x00000000c00039f8       0x74 build/bitmap.o
 .rodata        0x00000000c0003a6c      0x17c build/thread.o

.rodata1
 *(.rodata1)

.eh_frame_hdr
 *(.eh_frame_hdr)

.eh_frame
 *(.eh_frame)

.gcc_except_table
 *(.gcc_except_table .gcc_except_table.*)

.exception_ranges
 *(.exception_ranges .exception_ranges*)
                0x00000000c0003be8                . = (ALIGN (0x1000) - ((0x1000 - .) & 0xfff))
                0x00000000c0004be8                . = DATA_SEGMENT_ALIGN (0x1000, 0x1000)

.eh_frame
 *(.eh_frame)

.gcc_except_table
 *(.gcc_except_table .gcc_except_table.*)

.exception_ranges
 *(.exception_ranges .exception_ranges*)

.tdata
 *(.tdata .tdata.* .gnu.linkonce.td.*)

.tbss
 *(.tbss .tbss.* .gnu.linkonce.tb.*)
 *(.tcommon)

.preinit_array  0x00000000c0004be8        0x0
                0x00000000c0004be8                PROVIDE (__preinit_array_start, .)
 *(.preinit_array)
                0x00000000c0004be8                PROVIDE (__preinit_array_end, .)

.init_array     0x00000000c0004be8        0x0
                0x00000000c0004be8                PROVIDE (__init_array_start, .)
 *(SORT(.init_array.*) SORT(.ctors.*))
 *(.init_array)
 *(EXCLUDE_FILE(*crtend?.o *crtend.o *crtbegin?.o *crtbegin.o) .ctors)
                0x00000000c0004be8                PROVIDE (__init_array_end, .)

.fini_array     0x00000000c0004be8        0x0
                0x00000000c0004be8                PROVIDE (__fini_array_start, .)
 *(SORT(.fini_array.*) SORT(.dtors.*))
 *(.fini_array)
 *(EXCLUDE_FILE(*crtend?.o *crtend.o *crtbegin?.o *crtbegin.o) .dtors)
                0x00000000c0004be8                PROVIDE (__fini_array_end, .)

.ctors
 *crtbegin.o(.ctors)
 *crtbegin?.o(.ctors)
 *(EXCLUDE_FILE(*crtend?.o *crtend.o) .ctors)
 *(SORT(.ctors.*))
 *(.ctors)

.dtors
 *crtbegin.o(.dtors)
 *crtbegin?.o(.dtors)
 *(EXCLUDE_FILE(*crtend?.o *crtend.o) .dtors)
 *(SORT(.dtors.*))
 *(.dtors)

.jcr
 *(.jcr)

.data.rel.ro
 *(.data.rel.ro.local* .gnu.linkonce.d.rel.ro.local.*)
 *(.data.rel.ro* .gnu.linkonce.d.rel.ro.*)

.dynamic
 *(.dynamic)

.got
 *(.got)
 *(.igot)
                0x00000000c0004be8                . = DATA_SEGMENT_RELRO_END (., 0xc)

.got.plt        0x00000000c0004be8        0x0
 *(.got.plt)
 *(.igot.plt)
 .igot.plt      0x0000000000000000        0x0 build/main.o

.data           0x00000000c0004be8       0x8c
 *(.data .data.* .gnu.linkonce.d.*)
 .data          0x00000000c0004be8        0x0 build/main.o
 .data          0x00000000c0004be8        0x0 build/init.o
 .data          0x00000000c0004be8        0x0 build/memory.o
 .data          0x00000000c0004be8        0x0 build/interrupt.o
 .data          0x00000000c0004be8        0x0 build/timer.o
 .data          0x00000000c0004be8       0x84 build/kernel.o
                0x00000000c0004be8                intr_entry_table
 .data          0x00000000c0004c6c        0x8 build/print.o
 .data          0x00000000c0004c74        0x0 build/debug.o
 .data          0x00000000c0004c74        0x0 build/string.o
 .data          0x00000000c0004c74        0x0 build/list.o
 .data          0x00000000c0004c74        0x0 build/bitmap.o
 .data          0x00000000c0004c74        0x0 build/thread.o

.data1
 *(.data1)
                0x00000000c0004c74                _edata = .
                0x00000000c0004c74                PROVIDE (edata, .)
                0x00000000c0004c74                __bss_start = .

.bss            0x00000000c0004c80      0x28c
 *(.dynbss)
 *(.bss .bss.* .gnu.linkonce.b.*)
 .bss           0x00000000c0004c80        0x0 build/main.o
 .bss           0x00000000c0004c80        0x0 build/init.o
 .bss           0x00000000c0004c80        0x0 build/memory.o
 .bss           0x00000000c0004c80      0x108 build/interrupt.o
 .bss           0x00000000c0004d88        0x0 build/timer.o
 .bss           0x00000000c0004d88        0x0 build/debug.o
 .bss           0x00000000c0004d88        0x0 build/string.o
 .bss           0x00000000c0004d88        0x0 build/list.o
 .bss           0x00000000c0004d88        0x0 build/bitmap.o
 .bss           0x00000000c0004d88        0x4 build/thread.o
 *(COMMON)
 COMMON         0x00000000c0004d8c       0x2c build/memory.o
                0x00000000c0004d8c                user_pool
                0x00000000c0004d9c                kernel_vaddr
                0x00000000c0004da8                kernel_pool
 *fill*         0x00000000c0004db8        0x8 00
 COMMON         0x00000000c0004dc0      0x124 build/interrupt.o
                0x00000000c0004dc0                intr_name
                0x00000000c0004e60                idt_table
 COMMON         0x00000000c0004ee4        0x4 build/timer.o
                0x00000000c0004ee4                ticks
 COMMON         0x00000000c0004ee8       0x24 build/thread.o
                0x00000000c0004ee8                thread_ready_list
                0x00000000c0004ef8                thread_all_list
                0x00000000c0004f08                main_thread
                0x00000000c0004f0c                . = ALIGN ((. != 0x0)?0x4:0x1)
                0x00000000c0004f0c                . = ALIGN (0x4)
                0x00000000c0004f0c                . = ALIGN (0x4)
                0x00000000c0004f0c                _end = .
                0x00000000c0004f0c                PROVIDE (end, .)
                0x00000000c0004f0c                . = DATA_SEGMENT_END (.)

.stab
 *(.stab)

.stabstr
 *(.stabstr)

.stab.excl
 *(.stab.excl)

.stab.exclstr
 *(.stab.exclstr)

.stab.index
 *(.stab.index)

.stab.indexstr
 *(.stab.indexstr)

.comment        0x0000000000000000       0x2a
 *(.comment)
 .comment       0x0000000000000000       0x2a build/main.o
                                         0x2b (size before relaxing)
 .comment       0x0000000000000000       0x2b build/init.o
 .comment       0x0000000000000000       0x2b build/memory.o
 .comment       0x0000000000000000       0x2b build/interrupt.o
 .comment       0x0000000000000000       0x2b build/timer.o
 .comment       0x0000000000000000       0x2b build/debug.o
 .comment       0x0000000000000000       0x2b build/string.o
 .comment       0x0000000000000000       0x2b build/list.o
 .comment       0x0000000000000000       0x2b build/bitmap.o
 .comment       0x0000000000000000       0x2b build/thread.o

.debug
 *(.debug)

.line
 *(.line)

.debug_srcinfo
 *(.debug_srcinfo)

.debug_sfnames
 *(.debug_sfnames)

.debug_aranges
 *(.debug_aranges)

.debug_pubnames
 *(.debug_pubnames)

.debug_info
 *(.debug_info .gnu.linkonce.wi.*)

.debug_abbrev
 *(.debug_abbrev)

.debug_line
 *(.debug_line)

.debug_frame
 *(.debug_frame)

.debug_str
 *(.debug_str)

.debug_loc
 *(.debug_loc)

.debug_macinfo
 *(.debug_macinfo)

.debug_weaknames
 *(.debug_weaknames)

.debug_funcnames
 *(.debug_funcnames)

.debug_typenames
 *(.debug_typenames)

.debug_varnames
 *(.debug_varnames)

.debug_pubtypes
 *(.debug_pubtypes)

.debug_ranges
 *(.debug_ranges)

.gnu.attributes
 *(.gnu.attributes)

/DISCARD/
 *(.note.GNU-stack)
 *(.gnu_debuglink)
 *(.gnu.lto_*)
OUTPUT(build/kernel.bin elf32-i386)
